register token_filters/yatof
[[0,0.0,0.0],true]
table_create through_words TABLE_HASH_KEY ShortText --normalizer NormalizerAuto
[[0,0.0,0.0],true]
load --table through_words
[
{"_key": "Hello"},
{"_key": "World"}
]
[[0,0.0,0.0],2]
tokenize TokenBigram "Hello and World"   --normalizer NormalizerAuto   --token_filters TokenFilterThroughWord
[[0,0.0,0.0],[{"value":"hello","position":0},{"value":"world","position":2}]]
